mode: atomic
github.com/go-filesystems/unarchive/cmd/unarchive/main.go:34.13,35.63 1 0
github.com/go-filesystems/unarchive/cmd/unarchive/main.go:35.63,38.3 2 0
github.com/go-filesystems/unarchive/cmd/unarchive/main.go:41.57,50.20 8 10
github.com/go-filesystems/unarchive/cmd/unarchive/main.go:50.20,59.3 2 1
github.com/go-filesystems/unarchive/cmd/unarchive/main.go:60.2,60.39 1 10
github.com/go-filesystems/unarchive/cmd/unarchive/main.go:60.39,62.3 1 0
github.com/go-filesystems/unarchive/cmd/unarchive/main.go:63.2,63.20 1 10
github.com/go-filesystems/unarchive/cmd/unarchive/main.go:63.20,66.3 2 1
github.com/go-filesystems/unarchive/cmd/unarchive/main.go:67.2,67.16 1 9
github.com/go-filesystems/unarchive/cmd/unarchive/main.go:67.16,71.21 1 6
github.com/go-filesystems/unarchive/cmd/unarchive/main.go:71.21,73.4 1 1
github.com/go-filesystems/unarchive/cmd/unarchive/main.go:74.3,74.58 1 5
github.com/go-filesystems/unarchive/cmd/unarchive/main.go:76.2,76.32 1 3
github.com/go-filesystems/unarchive/cmd/unarchive/main.go:76.32,77.71 1 3
github.com/go-filesystems/unarchive/cmd/unarchive/main.go:77.71,79.4 1 2
github.com/go-filesystems/unarchive/cmd/unarchive/main.go:81.2,81.12 1 1
github.com/go-filesystems/unarchive/cmd/unarchive/main.go:89.77,93.16 2 5
github.com/go-filesystems/unarchive/cmd/unarchive/main.go:93.16,95.3 1 2
github.com/go-filesystems/unarchive/cmd/unarchive/main.go:96.2,96.53 1 3
github.com/go-filesystems/unarchive/cmd/unarchive/main.go:96.53,98.3 1 1
github.com/go-filesystems/unarchive/cmd/unarchive/main.go:99.2,100.16 2 2
github.com/go-filesystems/unarchive/cmd/unarchive/main.go:100.16,102.3 1 0
github.com/go-filesystems/unarchive/cmd/unarchive/main.go:103.2,104.12 2 2
github.com/go-filesystems/unarchive/cmd/unarchive/main.go:104.12,107.3 1 2
github.com/go-filesystems/unarchive/cmd/unarchive/main.go:108.2,108.52 1 2
github.com/go-filesystems/unarchive/cmd/unarchive/main.go:108.52,110.3 1 0
github.com/go-filesystems/unarchive/cmd/unarchive/main.go:111.2,111.12 1 2
github.com/go-filesystems/unarchive/cmd/unarchive/main.go:111.12,112.45 1 2
github.com/go-filesystems/unarchive/cmd/unarchive/main.go:112.45,114.4 1 2
github.com/go-filesystems/unarchive/cmd/unarchive/main.go:116.2,116.12 1 2
github.com/go-filesystems/unarchive/cmd/unarchive/main.go:119.76,121.16 2 3
github.com/go-filesystems/unarchive/cmd/unarchive/main.go:121.16,123.3 1 2
github.com/go-filesystems/unarchive/cmd/unarchive/main.go:124.2,126.12 2 1
github.com/go-filesystems/unarchive/cmd/unarchive/main.go:126.12,130.34 2 1
github.com/go-filesystems/unarchive/cmd/unarchive/main.go:130.34,131.53 1 0
github.com/go-filesystems/unarchive/cmd/unarchive/main.go:131.53,133.5 1 0
github.com/go-filesystems/unarchive/cmd/unarchive/main.go:136.2,136.16 1 1
github.com/go-filesystems/unarchive/cmd/unarchive/main.go:136.16,138.3 1 1
github.com/go-filesystems/unarchive/cmd/unarchive/main.go:139.2,139.9 1 1
github.com/go-filesystems/unarchive/cmd/unarchive/main.go:139.9,141.3 1 0
github.com/go-filesystems/unarchive/cmd/unarchive/main.go:142.2,143.12 2 1
github.com/go-filesystems/unarchive/cmd/unarchive/main.go:143.12,144.45 1 1
github.com/go-filesystems/unarchive/cmd/unarchive/main.go:144.45,146.4 1 1
github.com/go-filesystems/unarchive/cmd/unarchive/main.go:148.2,149.16 2 1
github.com/go-filesystems/unarchive/cmd/unarchive/main.go:149.16,151.3 1 0
github.com/go-filesystems/unarchive/cmd/unarchive/main.go:152.2,152.12 1 1
github.com/go-filesystems/unarchive/cmd/unarchive/main.go:152.12,154.3 1 1
github.com/go-filesystems/unarchive/cmd/unarchive/main.go:155.2,155.12 1 1
github.com/go-filesystems/unarchive/cmd/unarchive/main.go:160.63,162.16 2 0
github.com/go-filesystems/unarchive/cmd/unarchive/main.go:162.16,164.3 1 0
github.com/go-filesystems/unarchive/cmd/unarchive/main.go:165.2,165.28 1 0
github.com/go-filesystems/unarchive/cmd/unarchive/main.go:165.28,166.12 1 0
github.com/go-filesystems/unarchive/cmd/unarchive/main.go:166.12,168.12 2 0
github.com/go-filesystems/unarchive/cmd/unarchive/main.go:170.3,170.64 1 0
github.com/go-filesystems/unarchive/cmd/unarchive/main.go:172.2,173.12 2 0
github.com/go-filesystems/unarchive/cmd/unarchive/main.go:178.31,188.67 4 25
github.com/go-filesystems/unarchive/cmd/unarchive/main.go:188.67,190.3 1 6
github.com/go-filesystems/unarchive/cmd/unarchive/main.go:191.2,191.32 1 25
github.com/go-filesystems/unarchive/cmd/unarchive/main.go:195.32,197.14 2 9
github.com/go-filesystems/unarchive/cmd/unarchive/main.go:197.14,199.3 1 6
github.com/go-filesystems/unarchive/cmd/unarchive/main.go:200.2,201.27 2 3
github.com/go-filesystems/unarchive/cmd/unarchive/main.go:201.27,204.3 2 5
github.com/go-filesystems/unarchive/cmd/unarchive/main.go:205.2,205.51 1 3
github.com/go-filesystems/unarchive/ar.go:37.90,39.46 2 2
github.com/go-filesystems/unarchive/ar.go:39.46,41.3 1 0
github.com/go-filesystems/unarchive/ar.go:42.2,42.29 1 2
github.com/go-filesystems/unarchive/ar.go:42.29,44.3 1 0
github.com/go-filesystems/unarchive/ar.go:46.2,49.30 4 2
github.com/go-filesystems/unarchive/ar.go:49.30,51.46 2 6
github.com/go-filesystems/unarchive/ar.go:51.46,53.4 1 0
github.com/go-filesystems/unarchive/ar.go:54.3,54.32 1 6
github.com/go-filesystems/unarchive/ar.go:54.32,57.4 1 0
github.com/go-filesystems/unarchive/ar.go:58.3,60.17 3 6
github.com/go-filesystems/unarchive/ar.go:60.17,62.4 1 0
github.com/go-filesystems/unarchive/ar.go:63.3,63.48 1 6
github.com/go-filesystems/unarchive/ar.go:63.48,66.4 1 0
github.com/go-filesystems/unarchive/ar.go:67.3,74.10 5 6
github.com/go-filesystems/unarchive/ar.go:75.21,78.52 2 0
github.com/go-filesystems/unarchive/ar.go:78.52,80.5 1 0
github.com/go-filesystems/unarchive/ar.go:81.4,82.12 2 0
github.com/go-filesystems/unarchive/ar.go:83.41,86.12 2 0
github.com/go-filesystems/unarchive/ar.go:87.39,89.38 2 1
github.com/go-filesystems/unarchive/ar.go:89.38,91.5 1 0
github.com/go-filesystems/unarchive/ar.go:92.4,93.50 2 1
github.com/go-filesystems/unarchive/ar.go:93.50,95.5 1 0
github.com/go-filesystems/unarchive/ar.go:98.4,99.47 2 1
github.com/go-filesystems/unarchive/ar.go:99.47,101.5 1 1
github.com/go-filesystems/unarchive/ar.go:102.4,103.21 2 1
github.com/go-filesystems/unarchive/ar.go:104.37,106.50 2 0
github.com/go-filesystems/unarchive/ar.go:106.50,109.5 1 0
github.com/go-filesystems/unarchive/ar.go:110.4,111.15 2 0
github.com/go-filesystems/unarchive/ar.go:111.15,113.5 1 0
github.com/go-filesystems/unarchive/ar.go:114.4,114.39 1 0
github.com/go-filesystems/unarchive/ar.go:115.11,118.40 1 5
github.com/go-filesystems/unarchive/ar.go:121.3,121.17 1 6
github.com/go-filesystems/unarchive/ar.go:121.17,129.4 1 6
github.com/go-filesystems/unarchive/ar.go:133.3,133.44 1 6
github.com/go-filesystems/unarchive/ar.go:135.2,135.92 1 2
github.com/go-filesystems/unarchive/ar.go:139.39,140.14 1 7
github.com/go-filesystems/unarchive/ar.go:140.14,142.3 1 7
github.com/go-filesystems/unarchive/ar.go:143.2,143.33 1 0
github.com/go-filesystems/unarchive/ar.go:143.33,143.47 1 0
github.com/go-filesystems/unarchive/ar.go:148.35,148.49 1 0
github.com/go-filesystems/unarchive/arwrite.go:35.52,36.54 1 3
github.com/go-filesystems/unarchive/arwrite.go:36.54,38.3 1 0
github.com/go-filesystems/unarchive/arwrite.go:39.2,39.30 1 3
github.com/go-filesystems/unarchive/arwrite.go:47.57,47.73 1 6
github.com/go-filesystems/unarchive/arwrite.go:50.93,51.18 1 16
github.com/go-filesystems/unarchive/arwrite.go:51.18,53.3 1 0
github.com/go-filesystems/unarchive/arwrite.go:54.2,55.16 2 16
github.com/go-filesystems/unarchive/arwrite.go:55.16,57.3 1 0
github.com/go-filesystems/unarchive/arwrite.go:58.2,59.55 2 16
github.com/go-filesystems/unarchive/arwrite.go:59.55,66.3 3 10
github.com/go-filesystems/unarchive/arwrite.go:67.2,67.71 1 16
github.com/go-filesystems/unarchive/arwrite.go:67.71,69.3 1 0
github.com/go-filesystems/unarchive/arwrite.go:70.2,70.18 1 16
github.com/go-filesystems/unarchive/arwrite.go:70.18,71.52 1 10
github.com/go-filesystems/unarchive/arwrite.go:71.52,73.4 1 0
github.com/go-filesystems/unarchive/arwrite.go:75.2,75.50 1 16
github.com/go-filesystems/unarchive/arwrite.go:75.50,78.3 2 0
github.com/go-filesystems/unarchive/arwrite.go:81.2,81.38 1 16
github.com/go-filesystems/unarchive/arwrite.go:81.38,83.3 1 10
github.com/go-filesystems/unarchive/arwrite.go:84.2,84.12 1 6
github.com/go-filesystems/unarchive/arwrite.go:88.35,88.51 1 3
github.com/go-filesystems/unarchive/arwrite.go:95.79,97.27 2 16
github.com/go-filesystems/unarchive/arwrite.go:97.27,100.3 1 0
github.com/go-filesystems/unarchive/arwrite.go:101.2,101.30 1 16
github.com/go-filesystems/unarchive/arwrite.go:104.46,105.40 1 36
github.com/go-filesystems/unarchive/arwrite.go:105.40,107.3 1 0
github.com/go-filesystems/unarchive/arwrite.go:108.2,108.14 1 36
github.com/go-filesystems/unarchive/compressed.go:39.75,40.26 1 14
github.com/go-filesystems/unarchive/compressed.go:40.26,40.40 1 4
github.com/go-filesystems/unarchive/compressed.go:41.2,41.11 1 14
github.com/go-filesystems/unarchive/compressed.go:42.18,44.17 2 9
github.com/go-filesystems/unarchive/compressed.go:44.17,46.4 1 0
github.com/go-filesystems/unarchive/compressed.go:47.3,47.25 1 9
github.com/go-filesystems/unarchive/compressed.go:48.19,51.42 1 1
github.com/go-filesystems/unarchive/compressed.go:52.16,54.17 2 1
github.com/go-filesystems/unarchive/compressed.go:54.17,56.4 1 0
github.com/go-filesystems/unarchive/compressed.go:57.3,57.25 1 1
github.com/go-filesystems/unarchive/compressed.go:58.18,60.17 2 1
github.com/go-filesystems/unarchive/compressed.go:60.17,62.4 1 0
github.com/go-filesystems/unarchive/compressed.go:63.3,63.26 1 1
github.com/go-filesystems/unarchive/compressed.go:63.26,63.51 2 1
github.com/go-filesystems/unarchive/compressed.go:64.17,65.40 1 1
github.com/go-filesystems/unarchive/compressed.go:66.15,71.17 2 1
github.com/go-filesystems/unarchive/compressed.go:71.17,73.4 1 0
github.com/go-filesystems/unarchive/compressed.go:74.3,74.25 1 1
github.com/go-filesystems/unarchive/compressed.go:76.2,76.60 1 0
github.com/go-filesystems/unarchive/compressed.go:106.36,106.62 1 0
github.com/go-filesystems/unarchive/compressed.go:109.36,112.36 3 35
github.com/go-filesystems/unarchive/compressed.go:112.36,113.39 1 347
github.com/go-filesystems/unarchive/compressed.go:113.39,115.4 1 27
github.com/go-filesystems/unarchive/compressed.go:120.2,120.13 1 8
github.com/go-filesystems/unarchive/compressed.go:135.99,136.25 1 15
github.com/go-filesystems/unarchive/compressed.go:136.25,138.3 1 1
github.com/go-filesystems/unarchive/compressed.go:140.2,141.16 2 14
github.com/go-filesystems/unarchive/compressed.go:141.16,143.3 1 0
github.com/go-filesystems/unarchive/compressed.go:144.2,147.16 3 14
github.com/go-filesystems/unarchive/compressed.go:147.16,149.3 1 0
github.com/go-filesystems/unarchive/compressed.go:155.2,156.16 2 14
github.com/go-filesystems/unarchive/compressed.go:156.16,158.3 1 0
github.com/go-filesystems/unarchive/compressed.go:159.2,161.16 3 14
github.com/go-filesystems/unarchive/compressed.go:161.16,164.3 2 0
github.com/go-filesystems/unarchive/compressed.go:165.2,167.51 3 14
github.com/go-filesystems/unarchive/compressed.go:167.51,169.3 1 0
github.com/go-filesystems/unarchive/compressed.go:170.2,170.20 1 14
github.com/go-filesystems/unarchive/compressed.go:170.20,173.3 2 1
github.com/go-filesystems/unarchive/compressed.go:174.2,174.21 1 13
github.com/go-filesystems/unarchive/compressed.go:174.21,177.3 2 0
github.com/go-filesystems/unarchive/compressed.go:179.2,180.16 2 13
github.com/go-filesystems/unarchive/compressed.go:180.16,181.40 1 5
github.com/go-filesystems/unarchive/compressed.go:181.40,184.4 2 4
github.com/go-filesystems/unarchive/compressed.go:187.3,187.76 1 1
github.com/go-filesystems/unarchive/compressed.go:193.2,194.59 2 8
github.com/go-filesystems/unarchive/compressed.go:210.63,212.9 2 1
github.com/go-filesystems/unarchive/compressed.go:212.9,214.3 1 0
github.com/go-filesystems/unarchive/compressed.go:215.2,215.22 1 1
github.com/go-filesystems/unarchive/compressed.go:218.33,223.46 2 12
github.com/go-filesystems/unarchive/compressed.go:223.46,225.3 1 12
github.com/go-filesystems/unarchive/compressed.go:226.2,226.12 1 12
github.com/go-filesystems/unarchive/cpio.go:49.92,52.20 3 5
github.com/go-filesystems/unarchive/cpio.go:52.20,54.50 2 24
github.com/go-filesystems/unarchive/cpio.go:54.50,56.4 1 0
github.com/go-filesystems/unarchive/cpio.go:57.3,57.24 1 24
github.com/go-filesystems/unarchive/cpio.go:58.26,60.18 2 6
github.com/go-filesystems/unarchive/cpio.go:60.18,62.5 1 0
github.com/go-filesystems/unarchive/cpio.go:63.4,63.16 1 6
github.com/go-filesystems/unarchive/cpio.go:63.16,65.5 1 1
github.com/go-filesystems/unarchive/cpio.go:66.4,67.14 2 5
github.com/go-filesystems/unarchive/cpio.go:68.16,70.18 2 6
github.com/go-filesystems/unarchive/cpio.go:70.18,72.5 1 0
github.com/go-filesystems/unarchive/cpio.go:73.4,73.16 1 6
github.com/go-filesystems/unarchive/cpio.go:73.16,75.5 1 1
github.com/go-filesystems/unarchive/cpio.go:76.4,77.14 2 5
github.com/go-filesystems/unarchive/cpio.go:78.11,79.57 1 12
github.com/go-filesystems/unarchive/cpio.go:79.57,81.19 2 12
github.com/go-filesystems/unarchive/cpio.go:81.19,83.6 1 0
github.com/go-filesystems/unarchive/cpio.go:84.5,84.17 1 12
github.com/go-filesystems/unarchive/cpio.go:84.17,86.6 1 3
github.com/go-filesystems/unarchive/cpio.go:87.5,89.13 3 9
github.com/go-filesystems/unarchive/cpio.go:91.4,91.16 1 0
github.com/go-filesystems/unarchive/cpio.go:91.16,94.5 1 0
github.com/go-filesystems/unarchive/cpio.go:98.4,98.37 1 0
github.com/go-filesystems/unarchive/cpio.go:101.2,101.35 1 0
github.com/go-filesystems/unarchive/cpio.go:104.95,105.20 1 5
github.com/go-filesystems/unarchive/cpio.go:105.20,107.3 1 0
github.com/go-filesystems/unarchive/cpio.go:108.2,108.92 1 5
github.com/go-filesystems/unarchive/cpio.go:112.76,114.26 2 6
github.com/go-filesystems/unarchive/cpio.go:114.26,116.3 1 0
github.com/go-filesystems/unarchive/cpio.go:117.2,118.45 2 6
github.com/go-filesystems/unarchive/cpio.go:118.45,120.3 1 0
github.com/go-filesystems/unarchive/cpio.go:121.2,121.38 1 6
github.com/go-filesystems/unarchive/cpio.go:121.38,123.3 1 24
github.com/go-filesystems/unarchive/cpio.go:124.2,125.16 2 6
github.com/go-filesystems/unarchive/cpio.go:125.16,127.3 1 0
github.com/go-filesystems/unarchive/cpio.go:128.2,130.16 3 6
github.com/go-filesystems/unarchive/cpio.go:130.16,132.3 1 0
github.com/go-filesystems/unarchive/cpio.go:133.2,134.16 2 6
github.com/go-filesystems/unarchive/cpio.go:134.16,136.3 1 0
github.com/go-filesystems/unarchive/cpio.go:137.2,137.52 1 6
github.com/go-filesystems/unarchive/cpio.go:137.52,139.3 1 0
github.com/go-filesystems/unarchive/cpio.go:140.2,141.61 2 6
github.com/go-filesystems/unarchive/cpio.go:141.61,143.3 1 0
github.com/go-filesystems/unarchive/cpio.go:144.2,151.25 4 6
github.com/go-filesystems/unarchive/cpio.go:151.25,153.3 1 1
github.com/go-filesystems/unarchive/cpio.go:154.2,154.29 1 5
github.com/go-filesystems/unarchive/cpio.go:154.29,157.3 1 0
github.com/go-filesystems/unarchive/cpio.go:158.2,158.67 1 5
github.com/go-filesystems/unarchive/cpio.go:162.75,164.26 2 6
github.com/go-filesystems/unarchive/cpio.go:164.26,166.3 1 0
github.com/go-filesystems/unarchive/cpio.go:167.2,168.45 2 6
github.com/go-filesystems/unarchive/cpio.go:168.45,170.3 1 0
github.com/go-filesystems/unarchive/cpio.go:172.2,172.47 1 6
github.com/go-filesystems/unarchive/cpio.go:172.47,174.3 1 24
github.com/go-filesystems/unarchive/cpio.go:175.2,176.16 2 6
github.com/go-filesystems/unarchive/cpio.go:176.16,178.3 1 0
github.com/go-filesystems/unarchive/cpio.go:179.2,180.16 2 6
github.com/go-filesystems/unarchive/cpio.go:180.16,182.3 1 0
github.com/go-filesystems/unarchive/cpio.go:183.2,185.16 3 6
github.com/go-filesystems/unarchive/cpio.go:185.16,187.3 1 0
github.com/go-filesystems/unarchive/cpio.go:188.2,188.52 1 6
github.com/go-filesystems/unarchive/cpio.go:188.52,190.3 1 0
github.com/go-filesystems/unarchive/cpio.go:191.2,192.61 2 6
github.com/go-filesystems/unarchive/cpio.go:192.61,194.3 1 0
github.com/go-filesystems/unarchive/cpio.go:195.2,199.25 4 6
github.com/go-filesystems/unarchive/cpio.go:199.25,201.3 1 1
github.com/go-filesystems/unarchive/cpio.go:202.2,202.29 1 5
github.com/go-filesystems/unarchive/cpio.go:202.29,205.3 1 0
github.com/go-filesystems/unarchive/cpio.go:206.2,206.67 1 5
github.com/go-filesystems/unarchive/cpio.go:215.114,225.70 2 19
github.com/go-filesystems/unarchive/cpio.go:225.70,227.52 2 0
github.com/go-filesystems/unarchive/cpio.go:227.52,229.4 1 0
github.com/go-filesystems/unarchive/cpio.go:230.3,231.13 2 0
github.com/go-filesystems/unarchive/cpio.go:233.2,233.21 1 19
github.com/go-filesystems/unarchive/cpio.go:242.38,244.22 2 19
github.com/go-filesystems/unarchive/cpio.go:245.16,246.23 1 4
github.com/go-filesystems/unarchive/cpio.go:247.16,248.27 1 0
github.com/go-filesystems/unarchive/cpio.go:249.16,250.29 1 0
github.com/go-filesystems/unarchive/cpio.go:251.16,252.48 1 0
github.com/go-filesystems/unarchive/cpio.go:253.16,254.26 1 0
github.com/go-filesystems/unarchive/cpio.go:255.16,256.26 1 0
github.com/go-filesystems/unarchive/cpio.go:258.2,258.13 1 19
github.com/go-filesystems/unarchive/cpio.go:262.32,262.55 1 62
github.com/go-filesystems/unarchive/cpio.go:266.49,267.54 1 14
github.com/go-filesystems/unarchive/cpio.go:267.54,269.3 1 12
github.com/go-filesystems/unarchive/cpio.go:270.2,270.51 1 2
github.com/go-filesystems/unarchive/cpio.go:270.51,272.3 1 2
github.com/go-filesystems/unarchive/cpio.go:273.2,273.12 1 0
github.com/go-filesystems/unarchive/cpio.go:288.102,289.36 1 12
github.com/go-filesystems/unarchive/cpio.go:289.36,292.3 1 0
github.com/go-filesystems/unarchive/cpio.go:293.2,294.45 2 12
github.com/go-filesystems/unarchive/cpio.go:294.45,296.3 1 0
github.com/go-filesystems/unarchive/cpio.go:297.2,297.28 1 12
github.com/go-filesystems/unarchive/cpio.go:297.28,297.74 1 72
github.com/go-filesystems/unarchive/cpio.go:298.2,298.28 1 12
github.com/go-filesystems/unarchive/cpio.go:298.28,298.62 1 24
github.com/go-filesystems/unarchive/cpio.go:300.2,305.62 5 12
github.com/go-filesystems/unarchive/cpio.go:305.62,308.3 1 0
github.com/go-filesystems/unarchive/cpio.go:309.2,310.71 2 12
github.com/go-filesystems/unarchive/cpio.go:310.71,312.3 1 0
github.com/go-filesystems/unarchive/cpio.go:313.2,319.25 4 12
github.com/go-filesystems/unarchive/cpio.go:319.25,321.3 1 3
github.com/go-filesystems/unarchive/cpio.go:322.2,322.29 1 9
github.com/go-filesystems/unarchive/cpio.go:322.29,325.3 1 0
github.com/go-filesystems/unarchive/cpio.go:326.2,326.67 1 9
github.com/go-filesystems/unarchive/cpio.go:330.32,330.55 1 24
github.com/go-filesystems/unarchive/cpiowrite.go:27.47,27.84 1 2
github.com/go-filesystems/unarchive/cpiowrite.go:29.69,34.2 1 4
github.com/go-filesystems/unarchive/cpiowrite.go:36.95,38.2 1 11
github.com/go-filesystems/unarchive/cpiowrite.go:46.97,47.18 1 17
github.com/go-filesystems/unarchive/cpiowrite.go:47.18,49.3 1 0
github.com/go-filesystems/unarchive/cpiowrite.go:50.2,51.16 2 17
github.com/go-filesystems/unarchive/cpiowrite.go:51.16,53.3 1 0
github.com/go-filesystems/unarchive/cpiowrite.go:54.2,68.43 4 17
github.com/go-filesystems/unarchive/cpiowrite.go:68.43,70.3 1 0
github.com/go-filesystems/unarchive/cpiowrite.go:71.2,71.43 1 17
github.com/go-filesystems/unarchive/cpiowrite.go:71.43,73.3 1 0
github.com/go-filesystems/unarchive/cpiowrite.go:74.2,74.32 1 17
github.com/go-filesystems/unarchive/cpiowrite.go:74.32,76.3 1 0
github.com/go-filesystems/unarchive/cpiowrite.go:77.2,77.14 1 17
github.com/go-filesystems/unarchive/cpiowrite.go:77.14,78.51 1 11
github.com/go-filesystems/unarchive/cpiowrite.go:78.51,81.4 2 0
github.com/go-filesystems/unarchive/cpiowrite.go:82.3,82.16 1 11
github.com/go-filesystems/unarchive/cpiowrite.go:84.2,84.16 1 17
github.com/go-filesystems/unarchive/cpiowrite.go:90.37,91.29 1 2
github.com/go-filesystems/unarchive/cpiowrite.go:91.29,93.3 1 0
github.com/go-filesystems/unarchive/cpiowrite.go:94.2,96.59 2 2
github.com/go-filesystems/unarchive/cpiowrite.go:96.59,98.3 1 0
github.com/go-filesystems/unarchive/cpiowrite.go:102.2,102.14 1 2
github.com/go-filesystems/unarchive/cpiowrite.go:105.45,108.16 3 54
github.com/go-filesystems/unarchive/cpiowrite.go:108.16,110.3 1 0
github.com/go-filesystems/unarchive/cpiowrite.go:111.2,111.12 1 54
github.com/go-filesystems/unarchive/cpiowrite.go:115.35,116.43 1 34
github.com/go-filesystems/unarchive/cpiowrite.go:116.43,118.3 1 20
github.com/go-filesystems/unarchive/cpiowrite.go:119.2,119.12 1 14
github.com/go-filesystems/unarchive/dmg.go:28.77,29.25 1 5
github.com/go-filesystems/unarchive/dmg.go:29.25,31.3 1 0
github.com/go-filesystems/unarchive/dmg.go:38.2,39.16 2 5
github.com/go-filesystems/unarchive/dmg.go:39.16,41.3 1 1
github.com/go-filesystems/unarchive/dmg.go:42.2,43.16 2 4
github.com/go-filesystems/unarchive/dmg.go:43.16,46.3 2 0
github.com/go-filesystems/unarchive/dmg.go:47.2,51.46 2 4
github.com/go-filesystems/unarchive/dmg.go:51.46,55.3 3 0
github.com/go-filesystems/unarchive/dmg.go:57.2,58.16 2 4
github.com/go-filesystems/unarchive/dmg.go:58.16,68.3 2 1
github.com/go-filesystems/unarchive/dmg.go:72.2,72.62 1 3
github.com/go-filesystems/unarchive/extract.go:65.85,67.9 2 14
github.com/go-filesystems/unarchive/extract.go:67.9,69.3 1 0
github.com/go-filesystems/unarchive/extract.go:70.2,71.16 2 14
github.com/go-filesystems/unarchive/extract.go:71.16,73.3 1 0
github.com/go-filesystems/unarchive/extract.go:74.2,74.59 1 14
github.com/go-filesystems/unarchive/extract.go:74.59,76.3 1 0
github.com/go-filesystems/unarchive/extract.go:77.2,78.66 2 14
github.com/go-filesystems/unarchive/extract.go:78.66,80.3 1 5
github.com/go-filesystems/unarchive/extract.go:81.2,81.17 1 9
github.com/go-filesystems/unarchive/extract.go:84.39,85.19 1 81
github.com/go-filesystems/unarchive/extract.go:85.19,87.3 1 0
github.com/go-filesystems/unarchive/extract.go:88.2,88.14 1 81
github.com/go-filesystems/unarchive/extract.go:91.40,92.19 1 19
github.com/go-filesystems/unarchive/extract.go:92.19,94.3 1 0
github.com/go-filesystems/unarchive/extract.go:95.2,95.14 1 19
github.com/go-filesystems/unarchive/extract.go:98.118,100.16 2 62
github.com/go-filesystems/unarchive/extract.go:100.16,102.3 1 0
github.com/go-filesystems/unarchive/extract.go:103.2,103.28 1 62
github.com/go-filesystems/unarchive/extract.go:103.28,111.36 1 70
github.com/go-filesystems/unarchive/extract.go:111.36,113.4 1 3
github.com/go-filesystems/unarchive/extract.go:114.3,116.17 3 67
github.com/go-filesystems/unarchive/extract.go:116.17,118.4 1 0
github.com/go-filesystems/unarchive/extract.go:119.3,119.34 1 67
github.com/go-filesystems/unarchive/extract.go:119.34,120.60 1 48
github.com/go-filesystems/unarchive/extract.go:120.60,122.5 1 0
github.com/go-filesystems/unarchive/extract.go:123.4,124.71 2 48
github.com/go-filesystems/unarchive/extract.go:124.71,126.5 1 1
github.com/go-filesystems/unarchive/extract.go:127.4,127.12 1 47
github.com/go-filesystems/unarchive/extract.go:129.3,130.17 2 19
github.com/go-filesystems/unarchive/extract.go:130.17,132.4 1 2
github.com/go-filesystems/unarchive/extract.go:133.3,135.26 3 17
github.com/go-filesystems/unarchive/extract.go:135.26,137.4 1 0
github.com/go-filesystems/unarchive/extract.go:139.2,139.12 1 56
github.com/go-filesystems/unarchive/extract.go:145.36,146.15 1 4
github.com/go-filesystems/unarchive/extract.go:146.15,148.3 1 2
github.com/go-filesystems/unarchive/extract.go:149.2,149.12 1 2
github.com/go-filesystems/unarchive/extract.go:154.53,155.75 1 69
github.com/go-filesystems/unarchive/extract.go:155.75,157.3 1 1
github.com/go-filesystems/unarchive/extract.go:158.2,160.16 3 68
github.com/go-filesystems/unarchive/extract.go:160.16,162.3 1 0
github.com/go-filesystems/unarchive/extract.go:166.2,166.76 1 68
github.com/go-filesystems/unarchive/extract.go:166.76,168.3 1 0
github.com/go-filesystems/unarchive/extract.go:169.2,169.20 1 68
github.com/go-filesystems/unarchive/extract.go:173.122,175.16 2 19
github.com/go-filesystems/unarchive/extract.go:175.16,177.3 1 0
github.com/go-filesystems/unarchive/extract.go:178.2,181.16 3 19
github.com/go-filesystems/unarchive/extract.go:181.16,183.3 1 0
github.com/go-filesystems/unarchive/extract.go:184.2,186.72 2 19
github.com/go-filesystems/unarchive/extract.go:186.72,188.3 1 0
github.com/go-filesystems/unarchive/extract.go:189.2,190.20 2 19
github.com/go-filesystems/unarchive/extract.go:190.20,192.3 1 15
github.com/go-filesystems/unarchive/extract.go:193.2,194.16 2 19
github.com/go-filesystems/unarchive/extract.go:194.16,195.34 1 1
github.com/go-filesystems/unarchive/extract.go:195.34,197.4 1 1
github.com/go-filesystems/unarchive/extract.go:198.3,198.16 1 0
github.com/go-filesystems/unarchive/extract.go:201.2,203.20 3 18
github.com/go-filesystems/unarchive/extract.go:203.20,205.3 1 0
github.com/go-filesystems/unarchive/extract.go:206.2,206.21 1 18
github.com/go-filesystems/unarchive/extract.go:206.21,208.3 1 0
github.com/go-filesystems/unarchive/extract.go:212.2,212.25 1 18
github.com/go-filesystems/unarchive/extract.go:212.25,214.3 1 1
github.com/go-filesystems/unarchive/extract.go:215.2,215.21 1 17
github.com/go-filesystems/unarchive/extract.go:220.63,224.6 4 18
github.com/go-filesystems/unarchive/extract.go:224.6,226.12 2 18
github.com/go-filesystems/unarchive/extract.go:226.12,227.48 1 18
github.com/go-filesystems/unarchive/extract.go:227.48,229.5 1 0
github.com/go-filesystems/unarchive/extract.go:230.4,230.19 1 18
github.com/go-filesystems/unarchive/extract.go:232.3,232.10 1 18
github.com/go-filesystems/unarchive/extract.go:233.19,234.12 1 0
github.com/go-filesystems/unarchive/extract.go:235.31,236.19 1 18
github.com/go-filesystems/unarchive/extract.go:237.11,240.19 1 0
github.com/go-filesystems/unarchive/extract.go:257.56,261.2 3 4
github.com/go-filesystems/unarchive/extract.go:263.74,265.16 2 9
github.com/go-filesystems/unarchive/extract.go:265.16,267.3 1 0
github.com/go-filesystems/unarchive/extract.go:268.2,268.28 1 9
github.com/go-filesystems/unarchive/extract.go:268.28,270.36 1 11
github.com/go-filesystems/unarchive/extract.go:270.36,272.4 1 1
github.com/go-filesystems/unarchive/extract.go:273.3,274.34 2 10
github.com/go-filesystems/unarchive/extract.go:274.34,276.52 2 5
github.com/go-filesystems/unarchive/extract.go:276.52,278.5 1 1
github.com/go-filesystems/unarchive/extract.go:279.4,279.12 1 4
github.com/go-filesystems/unarchive/extract.go:281.3,282.46 2 5
github.com/go-filesystems/unarchive/extract.go:282.46,284.4 1 5
github.com/go-filesystems/unarchive/extract.go:285.3,285.54 1 5
github.com/go-filesystems/unarchive/extract.go:287.2,287.12 1 7
github.com/go-filesystems/unarchive/format.go:152.55,161.29 1 108
github.com/go-filesystems/unarchive/format.go:161.29,163.3 1 6
github.com/go-filesystems/unarchive/format.go:165.2,167.43 3 102
github.com/go-filesystems/unarchive/format.go:167.43,169.3 1 0
github.com/go-filesystems/unarchive/format.go:170.2,171.31 2 102
github.com/go-filesystems/unarchive/format.go:171.31,173.22 2 1456
github.com/go-filesystems/unarchive/format.go:173.22,174.12 1 71
github.com/go-filesystems/unarchive/format.go:176.3,176.47 1 1385
github.com/go-filesystems/unarchive/format.go:176.47,178.4 1 87
github.com/go-filesystems/unarchive/format.go:182.2,182.43 1 15
github.com/go-filesystems/unarchive/format.go:183.18,186.41 1 7
github.com/go-filesystems/unarchive/format.go:187.27,188.28 1 4
github.com/go-filesystems/unarchive/format.go:189.28,190.29 1 2
github.com/go-filesystems/unarchive/format.go:191.27,192.28 1 2
github.com/go-filesystems/unarchive/format.go:193.10,196.67 1 0
github.com/go-filesystems/unarchive/format.go:207.31,208.18 1 18
github.com/go-filesystems/unarchive/format.go:208.18,214.3 1 4
github.com/go-filesystems/unarchive/format.go:215.2,215.21 1 14
github.com/go-filesystems/unarchive/format.go:215.21,219.3 1 2
github.com/go-filesystems/unarchive/format.go:220.2,220.11 1 12
github.com/go-filesystems/unarchive/format.go:228.30,229.11 1 81
github.com/go-filesystems/unarchive/format.go:230.52,231.14 1 8
github.com/go-filesystems/unarchive/format.go:233.2,233.14 1 73
github.com/go-filesystems/unarchive/format.go:249.53,250.27 1 109
github.com/go-filesystems/unarchive/format.go:250.27,252.3 1 54
github.com/go-filesystems/unarchive/format.go:253.2,254.64 2 55
github.com/go-filesystems/unarchive/format.go:254.64,256.3 1 0
github.com/go-filesystems/unarchive/format.go:257.2,257.45 1 55
github.com/go-filesystems/unarchive/format.go:263.35,264.11 1 16
github.com/go-filesystems/unarchive/format.go:265.73,266.14 1 6
github.com/go-filesystems/unarchive/format.go:268.2,268.14 1 10
github.com/go-filesystems/unarchive/format.go:272.33,273.24 1 20
github.com/go-filesystems/unarchive/format.go:273.24,275.3 1 1
github.com/go-filesystems/unarchive/format.go:276.2,276.18 1 19
github.com/go-filesystems/unarchive/fromfs.go:35.49,35.79 1 8
github.com/go-filesystems/unarchive/fromfs.go:52.88,54.29 2 14
github.com/go-filesystems/unarchive/fromfs.go:54.29,55.20 1 32
github.com/go-filesystems/unarchive/fromfs.go:55.20,57.4 1 32
github.com/go-filesystems/unarchive/fromfs.go:59.2,59.41 1 14
github.com/go-filesystems/unarchive/fromfs.go:69.32,69.46 1 22
github.com/go-filesystems/unarchive/fromfs.go:71.69,72.15 1 17
github.com/go-filesystems/unarchive/fromfs.go:72.15,74.3 1 9
github.com/go-filesystems/unarchive/fromfs.go:75.2,76.16 2 17
github.com/go-filesystems/unarchive/fromfs.go:76.16,78.3 1 0
github.com/go-filesystems/unarchive/fromfs.go:79.2,80.28 2 17
github.com/go-filesystems/unarchive/fromfs.go:80.28,82.16 2 23
github.com/go-filesystems/unarchive/fromfs.go:82.16,84.4 1 8
github.com/go-filesystems/unarchive/fromfs.go:85.3,85.74 1 23
github.com/go-filesystems/unarchive/fromfs.go:87.2,87.38 1 17
github.com/go-filesystems/unarchive/fromfs.go:87.38,87.78 1 8
github.com/go-filesystems/unarchive/fromfs.go:88.2,88.17 1 17
github.com/go-filesystems/unarchive/fromfs.go:91.58,94.16 3 25
github.com/go-filesystems/unarchive/fromfs.go:94.16,96.3 1 0
github.com/go-filesystems/unarchive/fromfs.go:97.2,100.58 2 25
github.com/go-filesystems/unarchive/fromfs.go:100.58,102.3 1 16
github.com/go-filesystems/unarchive/fromfs.go:103.2,103.71 1 25
github.com/go-filesystems/unarchive/fromfs.go:109.38,111.9 2 179
github.com/go-filesystems/unarchive/fromfs.go:112.17,113.25 1 47
github.com/go-filesystems/unarchive/fromfs.go:114.29,115.25 1 0
github.com/go-filesystems/unarchive/fromfs.go:116.10,117.25 1 132
github.com/go-filesystems/unarchive/fromfs.go:121.53,121.96 1 34
github.com/go-filesystems/unarchive/fromfs.go:123.53,124.44 1 0
github.com/go-filesystems/unarchive/fromfs.go:124.44,126.3 1 0
github.com/go-filesystems/unarchive/fromfs.go:127.2,127.74 1 0
github.com/go-filesystems/unarchive/fromfs.go:130.62,133.16 3 10
github.com/go-filesystems/unarchive/fromfs.go:133.16,135.3 1 0
github.com/go-filesystems/unarchive/fromfs.go:136.2,136.16 1 10
github.com/go-filesystems/unarchive/fromfs.go:136.16,138.3 1 0
github.com/go-filesystems/unarchive/fromfs.go:139.2,139.66 1 10
github.com/go-filesystems/unarchive/fromfs.go:144.40,145.13 1 69
github.com/go-filesystems/unarchive/fromfs.go:145.13,147.3 1 0
github.com/go-filesystems/unarchive/fromfs.go:148.2,148.22 1 69
github.com/go-filesystems/unarchive/fromfs.go:151.63,151.85 1 1
github.com/go-filesystems/unarchive/fromfs.go:152.63,152.85 1 1
github.com/go-filesystems/unarchive/fromfs.go:153.63,153.85 1 1
github.com/go-filesystems/unarchive/fromfs.go:154.63,154.85 1 1
github.com/go-filesystems/unarchive/fromfs.go:155.63,155.85 1 1
github.com/go-filesystems/unarchive/fromfs.go:167.33,167.50 1 4
github.com/go-filesystems/unarchive/fromfs.go:169.34,170.16 1 10
github.com/go-filesystems/unarchive/fromfs.go:170.16,174.3 3 10
github.com/go-filesystems/unarchive/fromfs.go:175.2,175.12 1 0
github.com/go-filesystems/unarchive/fromfs.go:178.61,179.13 1 10
github.com/go-filesystems/unarchive/fromfs.go:179.13,181.3 1 0
github.com/go-filesystems/unarchive/fromfs.go:182.2,182.19 1 10
github.com/go-filesystems/unarchive/fromfs.go:182.19,184.3 1 0
github.com/go-filesystems/unarchive/fromfs.go:186.2,186.16 1 10
github.com/go-filesystems/unarchive/fromfs.go:186.16,188.17 2 10
github.com/go-filesystems/unarchive/fromfs.go:188.17,190.4 1 0
github.com/go-filesystems/unarchive/fromfs.go:191.3,191.20 1 10
github.com/go-filesystems/unarchive/fromfs.go:193.2,193.37 1 10
github.com/go-filesystems/unarchive/fromfs.go:193.37,195.3 1 2
github.com/go-filesystems/unarchive/fromfs.go:196.2,196.17 1 8
github.com/go-filesystems/unarchive/fromfs.go:196.17,198.35 1 0
github.com/go-filesystems/unarchive/fromfs.go:198.35,200.4 1 0
github.com/go-filesystems/unarchive/fromfs.go:201.3,202.17 2 0
github.com/go-filesystems/unarchive/fromfs.go:202.17,204.4 1 0
github.com/go-filesystems/unarchive/fromfs.go:205.3,205.20 1 0
github.com/go-filesystems/unarchive/fromfs.go:207.2,207.17 1 8
github.com/go-filesystems/unarchive/fromfs.go:207.17,208.65 1 0
github.com/go-filesystems/unarchive/fromfs.go:208.65,210.4 1 0
github.com/go-filesystems/unarchive/fromfs.go:211.3,211.14 1 0
github.com/go-filesystems/unarchive/fromfs.go:213.2,215.41 3 8
github.com/go-filesystems/unarchive/fromfs.go:215.41,217.3 1 6
github.com/go-filesystems/unarchive/fromfs.go:218.2,218.15 1 8
github.com/go-filesystems/unarchive/indexfs.go:41.56,43.22 2 8
github.com/go-filesystems/unarchive/indexfs.go:43.22,46.36 3 28
github.com/go-filesystems/unarchive/indexfs.go:46.36,47.12 1 0
github.com/go-filesystems/unarchive/indexfs.go:49.3,50.17 2 28
github.com/go-filesystems/unarchive/indexfs.go:54.2,54.29 1 8
github.com/go-filesystems/unarchive/indexfs.go:54.29,55.62 1 30
github.com/go-filesystems/unarchive/indexfs.go:55.62,56.35 1 16
github.com/go-filesystems/unarchive/indexfs.go:56.35,59.5 2 4
github.com/go-filesystems/unarchive/indexfs.go:62.2,62.10 1 8
github.com/go-filesystems/unarchive/indexfs.go:66.37,71.2 4 110
github.com/go-filesystems/unarchive/indexfs.go:80.37,82.17 2 32
github.com/go-filesystems/unarchive/indexfs.go:82.17,84.3 1 0
github.com/go-filesystems/unarchive/indexfs.go:85.2,85.41 1 32
github.com/go-filesystems/unarchive/indexfs.go:85.41,87.3 1 32
github.com/go-filesystems/unarchive/indexfs.go:90.56,91.17 1 39
github.com/go-filesystems/unarchive/indexfs.go:91.17,93.3 1 1
github.com/go-filesystems/unarchive/indexfs.go:94.2,95.9 2 38
github.com/go-filesystems/unarchive/indexfs.go:95.9,97.3 1 0
github.com/go-filesystems/unarchive/indexfs.go:98.2,98.20 1 38
github.com/go-filesystems/unarchive/indexfs.go:98.20,100.3 1 9
github.com/go-filesystems/unarchive/indexfs.go:101.2,101.92 1 29
github.com/go-filesystems/unarchive/indexfs.go:105.65,107.31 2 5
github.com/go-filesystems/unarchive/indexfs.go:107.31,109.53 2 3
github.com/go-filesystems/unarchive/indexfs.go:109.53,111.4 1 0
github.com/go-filesystems/unarchive/indexfs.go:113.2,116.26 4 5
github.com/go-filesystems/unarchive/indexfs.go:116.26,118.3 1 8
github.com/go-filesystems/unarchive/indexfs.go:119.2,119.17 1 5
github.com/go-filesystems/unarchive/indexfs.go:129.51,129.83 1 27
github.com/go-filesystems/unarchive/indexfs.go:130.51,130.65 1 29
github.com/go-filesystems/unarchive/indexfs.go:140.50,141.18 1 10
github.com/go-filesystems/unarchive/indexfs.go:141.18,143.3 1 9
github.com/go-filesystems/unarchive/indexfs.go:144.2,144.74 1 1
github.com/go-filesystems/unarchive/indexfs.go:147.46,149.2 1 0
github.com/go-filesystems/unarchive/indexfs.go:151.34,151.48 1 10
github.com/go-filesystems/unarchive/indexfs.go:153.60,155.16 2 0
github.com/go-filesystems/unarchive/indexfs.go:155.16,157.3 1 0
github.com/go-filesystems/unarchive/indexfs.go:158.2,158.12 1 0
github.com/go-filesystems/unarchive/indexfs.go:158.12,161.3 2 0
github.com/go-filesystems/unarchive/indexfs.go:162.2,162.24 1 0
github.com/go-filesystems/unarchive/indexfs.go:162.24,164.3 1 0
github.com/go-filesystems/unarchive/indexfs.go:165.2,168.17 4 0
github.com/go-filesystems/unarchive/indexfs.go:174.34,174.66 1 8
github.com/go-filesystems/unarchive/indexfs.go:175.34,175.55 1 32
github.com/go-filesystems/unarchive/indexfs.go:176.41,178.2 1 13
github.com/go-filesystems/unarchive/indexfs.go:179.40,179.62 1 0
github.com/go-filesystems/unarchive/indexfs.go:180.40,180.69 1 15
github.com/go-filesystems/unarchive/indexfs.go:181.40,181.56 1 0
github.com/go-filesystems/unarchive/indexfs.go:185.57,187.9 2 0
github.com/go-filesystems/unarchive/indexfs.go:187.9,189.3 1 0
github.com/go-filesystems/unarchive/indexfs.go:190.2,190.34 1 0
github.com/go-filesystems/unarchive/indexfs.go:190.34,192.3 1 0
github.com/go-filesystems/unarchive/indexfs.go:193.2,193.20 1 0
github.com/go-filesystems/unarchive/indexfs.go:197.61,199.9 2 0
github.com/go-filesystems/unarchive/indexfs.go:199.9,201.3 1 0
github.com/go-filesystems/unarchive/indexfs.go:202.2,202.26 1 0
github.com/go-filesystems/unarchive/isowrite.go:33.67,35.2 1 1
github.com/go-filesystems/unarchive/isowrite.go:37.65,38.18 1 2
github.com/go-filesystems/unarchive/isowrite.go:38.18,40.3 1 0
github.com/go-filesystems/unarchive/isowrite.go:43.2,44.14 2 2
github.com/go-filesystems/unarchive/isowrite.go:47.91,48.18 1 6
github.com/go-filesystems/unarchive/isowrite.go:48.18,50.3 1 0
github.com/go-filesystems/unarchive/isowrite.go:51.2,52.48 2 6
github.com/go-filesystems/unarchive/isowrite.go:52.48,55.3 2 0
github.com/go-filesystems/unarchive/isowrite.go:56.2,57.14 2 6
github.com/go-filesystems/unarchive/isowrite.go:66.36,67.18 1 1
github.com/go-filesystems/unarchive/isowrite.go:67.18,69.3 1 0
github.com/go-filesystems/unarchive/isowrite.go:70.2,71.42 2 1
github.com/go-filesystems/unarchive/isowrite.go:71.42,73.3 1 0
github.com/go-filesystems/unarchive/isowrite.go:74.2,75.12 2 1
github.com/go-filesystems/unarchive/isowrite.go:81.68,82.13 1 29
github.com/go-filesystems/unarchive/isowrite.go:82.13,84.3 1 0
github.com/go-filesystems/unarchive/isowrite.go:85.2,85.57 1 29
github.com/go-filesystems/unarchive/isowrite.go:85.57,89.3 3 29
github.com/go-filesystems/unarchive/isowrite.go:90.2,90.32 1 29
github.com/go-filesystems/unarchive/open.go:27.63,29.2 1 67
github.com/go-filesystems/unarchive/open.go:32.76,37.16 2 84
github.com/go-filesystems/unarchive/open.go:37.16,39.3 1 0
github.com/go-filesystems/unarchive/open.go:40.2,40.20 1 84
github.com/go-filesystems/unarchive/open.go:40.20,42.3 1 4
github.com/go-filesystems/unarchive/open.go:44.2,45.16 2 80
github.com/go-filesystems/unarchive/open.go:45.16,47.3 1 0
github.com/go-filesystems/unarchive/open.go:48.2,49.16 2 80
github.com/go-filesystems/unarchive/open.go:49.16,52.3 2 0
github.com/go-filesystems/unarchive/open.go:53.2,54.16 2 80
github.com/go-filesystems/unarchive/open.go:54.16,57.3 2 2
github.com/go-filesystems/unarchive/open.go:60.2,60.20 1 78
github.com/go-filesystems/unarchive/open.go:60.20,62.17 2 6
github.com/go-filesystems/unarchive/open.go:62.17,65.4 2 1
github.com/go-filesystems/unarchive/open.go:66.3,66.27 1 5
github.com/go-filesystems/unarchive/open.go:68.2,68.34 1 72
github.com/go-filesystems/unarchive/open.go:68.34,70.3 1 0
github.com/go-filesystems/unarchive/open.go:71.2,71.16 1 72
github.com/go-filesystems/unarchive/open.go:72.17,77.17 2 10
github.com/go-filesystems/unarchive/open.go:77.17,79.4 1 1
github.com/go-filesystems/unarchive/open.go:80.3,84.29 3 9
github.com/go-filesystems/unarchive/open.go:84.29,86.4 1 13
github.com/go-filesystems/unarchive/open.go:87.3,87.84 1 9
github.com/go-filesystems/unarchive/open.go:88.16,96.17 2 2
github.com/go-filesystems/unarchive/open.go:96.17,98.4 1 0
github.com/go-filesystems/unarchive/open.go:99.3,100.29 2 2
github.com/go-filesystems/unarchive/open.go:100.29,102.4 1 7
github.com/go-filesystems/unarchive/open.go:103.3,103.84 1 2
github.com/go-filesystems/unarchive/open.go:104.17,108.17 2 32
github.com/go-filesystems/unarchive/open.go:108.17,110.4 1 0
github.com/go-filesystems/unarchive/open.go:111.3,112.17 2 32
github.com/go-filesystems/unarchive/open.go:112.17,115.4 2 0
github.com/go-filesystems/unarchive/open.go:116.3,117.17 2 32
github.com/go-filesystems/unarchive/open.go:117.17,120.4 2 0
github.com/go-filesystems/unarchive/open.go:121.3,121.27 1 32
github.com/go-filesystems/unarchive/open.go:122.73,126.45 1 15
github.com/go-filesystems/unarchive/open.go:127.17,130.30 1 5
github.com/go-filesystems/unarchive/open.go:131.28,136.17 2 7
github.com/go-filesystems/unarchive/open.go:136.17,138.4 1 0
github.com/go-filesystems/unarchive/open.go:139.3,140.17 2 7
github.com/go-filesystems/unarchive/open.go:140.17,143.4 2 0
github.com/go-filesystems/unarchive/open.go:144.3,145.17 2 7
github.com/go-filesystems/unarchive/open.go:145.17,148.4 2 0
github.com/go-filesystems/unarchive/open.go:149.3,149.27 1 7
github.com/go-filesystems/unarchive/open.go:150.17,152.17 2 0
github.com/go-filesystems/unarchive/open.go:152.17,154.4 1 0
github.com/go-filesystems/unarchive/open.go:155.3,155.27 1 0
github.com/go-filesystems/unarchive/open.go:156.10,160.40 1 1
github.com/go-filesystems/unarchive/open.go:160.40,166.4 1 1
github.com/go-filesystems/unarchive/open.go:167.3,167.80 1 0
github.com/go-filesystems/unarchive/open.go:187.64,189.9 2 10
github.com/go-filesystems/unarchive/open.go:189.9,191.3 1 0
github.com/go-filesystems/unarchive/open.go:192.2,192.22 1 10
github.com/go-filesystems/unarchive/open.go:195.34,196.45 1 21
github.com/go-filesystems/unarchive/open.go:196.45,198.3 1 0
github.com/go-filesystems/unarchive/open.go:199.2,199.25 1 21
github.com/go-filesystems/unarchive/open.go:207.86,209.16 2 6
github.com/go-filesystems/unarchive/open.go:209.16,211.3 1 1
github.com/go-filesystems/unarchive/open.go:216.2,216.18 1 5
github.com/go-filesystems/unarchive/open.go:221.91,222.16 1 6
github.com/go-filesystems/unarchive/open.go:223.21,224.37 1 4
github.com/go-filesystems/unarchive/open.go:225.22,226.38 1 1
github.com/go-filesystems/unarchive/open.go:227.21,228.37 1 1
github.com/go-filesystems/unarchive/open.go:230.2,230.61 1 0
github.com/go-filesystems/unarchive/open.go:240.71,242.16 2 4
github.com/go-filesystems/unarchive/open.go:242.16,244.3 1 0
github.com/go-filesystems/unarchive/open.go:245.2,246.16 2 4
github.com/go-filesystems/unarchive/open.go:246.16,249.3 2 0
github.com/go-filesystems/unarchive/open.go:250.2,250.65 1 4
github.com/go-filesystems/unarchive/open.go:250.65,253.3 2 0
github.com/go-filesystems/unarchive/open.go:254.2,254.16 1 4
github.com/go-filesystems/unarchive/open.go:255.17,257.17 2 1
github.com/go-filesystems/unarchive/open.go:257.17,259.4 1 0
github.com/go-filesystems/unarchive/open.go:260.3,262.30 3 1
github.com/go-filesystems/unarchive/open.go:262.30,264.4 1 4
github.com/go-filesystems/unarchive/open.go:265.3,265.83 1 1
github.com/go-filesystems/unarchive/open.go:266.16,268.17 2 2
github.com/go-filesystems/unarchive/open.go:268.17,270.4 1 0
github.com/go-filesystems/unarchive/open.go:271.3,272.30 2 2
github.com/go-filesystems/unarchive/open.go:272.30,274.4 1 8
github.com/go-filesystems/unarchive/open.go:275.3,275.83 1 2
github.com/go-filesystems/unarchive/open.go:276.39,278.17 2 1
github.com/go-filesystems/unarchive/open.go:278.17,280.4 1 0
github.com/go-filesystems/unarchive/open.go:281.3,281.27 1 1
github.com/go-filesystems/unarchive/open.go:287.2,287.20 1 0
github.com/go-filesystems/unarchive/open.go:287.20,289.17 2 0
github.com/go-filesystems/unarchive/open.go:289.17,291.4 1 0
github.com/go-filesystems/unarchive/open.go:292.3,292.61 1 0
github.com/go-filesystems/unarchive/open.go:294.2,294.90 1 0
github.com/go-filesystems/unarchive/open.go:299.113,300.16 1 8
github.com/go-filesystems/unarchive/open.go:301.16,302.34 1 2
github.com/go-filesystems/unarchive/open.go:303.18,304.36 1 5
github.com/go-filesystems/unarchive/open.go:305.17,306.35 1 1
github.com/go-filesystems/unarchive/open.go:308.2,308.61 1 0
github.com/go-filesystems/unarchive/split.go:40.48,42.14 2 88
github.com/go-filesystems/unarchive/split.go:42.14,44.3 1 81
github.com/go-filesystems/unarchive/split.go:45.2,47.26 3 7
github.com/go-filesystems/unarchive/split.go:47.26,49.3 1 1
github.com/go-filesystems/unarchive/split.go:50.2,52.20 3 6
github.com/go-filesystems/unarchive/split.go:52.20,57.42 2 43
github.com/go-filesystems/unarchive/split.go:57.42,58.9 1 6
github.com/go-filesystems/unarchive/split.go:60.3,60.30 1 37
github.com/go-filesystems/unarchive/split.go:62.2,62.20 1 6
github.com/go-filesystems/unarchive/split.go:62.20,64.3 1 0
github.com/go-filesystems/unarchive/split.go:65.2,65.19 1 6
github.com/go-filesystems/unarchive/split.go:82.50,84.26 2 6
github.com/go-filesystems/unarchive/split.go:84.26,86.17 2 47
github.com/go-filesystems/unarchive/split.go:86.17,89.4 2 0
github.com/go-filesystems/unarchive/split.go:90.3,91.17 2 47
github.com/go-filesystems/unarchive/split.go:91.17,95.4 3 0
github.com/go-filesystems/unarchive/split.go:96.3,98.22 3 47
github.com/go-filesystems/unarchive/split.go:100.2,100.15 1 6
github.com/go-filesystems/unarchive/split.go:103.31,103.48 1 28
github.com/go-filesystems/unarchive/split.go:107.32,109.28 2 6
github.com/go-filesystems/unarchive/split.go:109.28,110.51 1 47
github.com/go-filesystems/unarchive/split.go:110.51,112.4 1 0
github.com/go-filesystems/unarchive/split.go:114.2,115.14 2 6
github.com/go-filesystems/unarchive/split.go:130.59,131.13 1 349
github.com/go-filesystems/unarchive/split.go:131.13,133.3 1 1
github.com/go-filesystems/unarchive/split.go:134.2,134.19 1 348
github.com/go-filesystems/unarchive/split.go:134.19,136.3 1 17
github.com/go-filesystems/unarchive/split.go:137.2,138.65 2 331
github.com/go-filesystems/unarchive/split.go:138.65,141.17 3 678
github.com/go-filesystems/unarchive/split.go:141.17,142.12 1 0
github.com/go-filesystems/unarchive/split.go:144.3,147.44 4 678
github.com/go-filesystems/unarchive/split.go:147.44,149.4 1 0
github.com/go-filesystems/unarchive/split.go:150.3,150.22 1 678
github.com/go-filesystems/unarchive/split.go:150.22,155.4 1 0
github.com/go-filesystems/unarchive/split.go:157.2,157.19 1 331
github.com/go-filesystems/unarchive/split.go:157.19,159.3 1 138
github.com/go-filesystems/unarchive/split.go:160.2,160.18 1 193
github.com/go-filesystems/unarchive/split.go:164.39,165.25 1 678
github.com/go-filesystems/unarchive/split.go:165.25,167.3 1 512
github.com/go-filesystems/unarchive/split.go:168.2,168.15 1 166
github.com/go-filesystems/unarchive/split.go:178.40,180.14 2 349
github.com/go-filesystems/unarchive/split.go:180.14,182.27 2 792
github.com/go-filesystems/unarchive/split.go:182.27,184.4 1 329
github.com/go-filesystems/unarchive/split.go:184.9,186.4 1 463
github.com/go-filesystems/unarchive/split.go:188.2,188.11 1 349
github.com/go-filesystems/unarchive/split.go:198.44,199.58 1 0
github.com/go-filesystems/unarchive/split.go:199.58,201.3 1 0
github.com/go-filesystems/unarchive/split.go:202.2,202.13 1 0
github.com/go-filesystems/unarchive/tar.go:32.91,36.6 4 33
github.com/go-filesystems/unarchive/tar.go:36.6,38.29 2 208
github.com/go-filesystems/unarchive/tar.go:38.29,39.9 1 33
github.com/go-filesystems/unarchive/tar.go:41.3,41.17 1 175
github.com/go-filesystems/unarchive/tar.go:41.17,43.4 1 0
github.com/go-filesystems/unarchive/tar.go:44.3,44.23 1 175
github.com/go-filesystems/unarchive/tar.go:46.2,46.16 1 33
github.com/go-filesystems/unarchive/tar.go:56.54,60.2 3 928
github.com/go-filesystems/unarchive/tar.go:82.50,84.25 2 175
github.com/go-filesystems/unarchive/tar.go:84.25,86.3 1 21
github.com/go-filesystems/unarchive/tar.go:87.2,97.57 3 154
github.com/go-filesystems/unarchive/tar.go:97.57,98.58 1 258
github.com/go-filesystems/unarchive/tar.go:98.58,102.4 1 49
github.com/go-filesystems/unarchive/tar.go:103.3,104.20 2 258
github.com/go-filesystems/unarchive/tar.go:104.20,105.9 1 154
github.com/go-filesystems/unarchive/tar.go:107.3,107.13 1 104
github.com/go-filesystems/unarchive/tar.go:111.53,112.25 1 258
github.com/go-filesystems/unarchive/tar.go:112.25,113.13 1 226
github.com/go-filesystems/unarchive/tar.go:113.13,115.4 1 55
github.com/go-filesystems/unarchive/tar.go:117.2,117.24 1 203
github.com/go-filesystems/unarchive/tar.go:121.35,123.16 2 565
github.com/go-filesystems/unarchive/tar.go:123.16,125.3 1 21
github.com/go-filesystems/unarchive/tar.go:126.2,126.35 1 544
github.com/go-filesystems/unarchive/tar.go:129.31,130.21 1 33
github.com/go-filesystems/unarchive/tar.go:130.21,132.3 1 33
github.com/go-filesystems/unarchive/tar.go:133.2,133.12 1 0
github.com/go-filesystems/unarchive/tar.go:136.53,138.9 2 295
github.com/go-filesystems/unarchive/tar.go:138.9,140.3 1 10
github.com/go-filesystems/unarchive/tar.go:141.2,141.15 1 285
github.com/go-filesystems/unarchive/tar.go:144.68,146.14 2 95
github.com/go-filesystems/unarchive/tar.go:146.14,148.3 1 21
github.com/go-filesystems/unarchive/tar.go:148.8,150.17 2 74
github.com/go-filesystems/unarchive/tar.go:150.17,152.4 1 0
github.com/go-filesystems/unarchive/tar.go:153.3,153.13 1 74
github.com/go-filesystems/unarchive/tar.go:153.13,155.4 1 0
github.com/go-filesystems/unarchive/tar.go:157.2,160.25 4 95
github.com/go-filesystems/unarchive/tar.go:160.25,162.15 2 163
github.com/go-filesystems/unarchive/tar.go:162.15,163.12 1 0
github.com/go-filesystems/unarchive/tar.go:165.3,166.12 2 163
github.com/go-filesystems/unarchive/tar.go:166.12,168.4 1 75
github.com/go-filesystems/unarchive/tar.go:169.3,169.72 1 163
github.com/go-filesystems/unarchive/tar.go:171.2,171.17 1 95
github.com/go-filesystems/unarchive/tar.go:174.57,176.16 2 132
github.com/go-filesystems/unarchive/tar.go:176.16,178.3 1 10
github.com/go-filesystems/unarchive/tar.go:179.2,179.59 1 122
github.com/go-filesystems/unarchive/tar.go:182.52,184.16 2 0
github.com/go-filesystems/unarchive/tar.go:184.16,186.3 1 0
github.com/go-filesystems/unarchive/tar.go:187.2,187.24 1 0
github.com/go-filesystems/unarchive/tar.go:187.24,189.3 1 0
github.com/go-filesystems/unarchive/tar.go:190.2,190.26 1 0
github.com/go-filesystems/unarchive/tar.go:193.52,195.16 2 21
github.com/go-filesystems/unarchive/tar.go:195.16,197.3 1 0
github.com/go-filesystems/unarchive/tar.go:198.2,201.43 4 21
github.com/go-filesystems/unarchive/tar.go:201.43,203.3 1 0
github.com/go-filesystems/unarchive/tar.go:204.2,204.21 1 21
github.com/go-filesystems/unarchive/tar.go:209.61,211.16 2 89
github.com/go-filesystems/unarchive/tar.go:211.16,213.3 1 0
github.com/go-filesystems/unarchive/tar.go:214.2,214.11 1 89
github.com/go-filesystems/unarchive/tar.go:214.11,216.3 1 0
github.com/go-filesystems/unarchive/tar.go:217.2,217.84 1 89
github.com/go-filesystems/unarchive/tar.go:223.32,223.46 1 89
github.com/go-filesystems/unarchive/tar.go:225.62,225.84 1 0
github.com/go-filesystems/unarchive/tar.go:226.62,226.84 1 0
github.com/go-filesystems/unarchive/tar.go:227.62,227.84 1 0
github.com/go-filesystems/unarchive/tar.go:228.62,228.84 1 0
github.com/go-filesystems/unarchive/tar.go:229.62,229.84 1 0
github.com/go-filesystems/unarchive/write.go:50.62,52.16 2 20
github.com/go-filesystems/unarchive/write.go:52.16,54.3 1 0
github.com/go-filesystems/unarchive/write.go:55.2,56.16 2 20
github.com/go-filesystems/unarchive/write.go:56.16,59.3 2 0
github.com/go-filesystems/unarchive/write.go:60.2,60.23 1 20
github.com/go-filesystems/unarchive/write.go:71.38,72.32 1 0
github.com/go-filesystems/unarchive/write.go:72.32,74.3 1 0
github.com/go-filesystems/unarchive/write.go:75.2,75.54 1 0
github.com/go-filesystems/unarchive/write.go:117.50,119.34 2 54
github.com/go-filesystems/unarchive/write.go:119.34,120.42 1 587
github.com/go-filesystems/unarchive/write.go:120.42,121.12 1 534
github.com/go-filesystems/unarchive/write.go:123.3,124.10 2 53
github.com/go-filesystems/unarchive/write.go:125.31,126.61 1 2
github.com/go-filesystems/unarchive/write.go:127.29,131.76 1 3
github.com/go-filesystems/unarchive/write.go:133.3,133.16 1 48
github.com/go-filesystems/unarchive/write.go:135.2,135.68 1 1
github.com/go-filesystems/unarchive/write.go:144.54,146.16 2 20
github.com/go-filesystems/unarchive/write.go:146.16,148.3 1 1
github.com/go-filesystems/unarchive/write.go:149.2,149.32 1 19
github.com/go-filesystems/unarchive/write.go:149.32,151.3 1 12
github.com/go-filesystems/unarchive/write.go:157.2,159.16 3 7
github.com/go-filesystems/unarchive/write.go:159.16,161.3 1 0
github.com/go-filesystems/unarchive/write.go:162.2,163.15 2 7
github.com/go-filesystems/unarchive/write.go:163.15,166.3 2 7
github.com/go-filesystems/unarchive/write.go:167.2,168.16 2 7
github.com/go-filesystems/unarchive/write.go:168.16,170.3 1 0
github.com/go-filesystems/unarchive/write.go:171.2,171.34 1 7
github.com/go-filesystems/unarchive/write.go:171.34,173.3 1 0
github.com/go-filesystems/unarchive/write.go:174.2,174.32 1 7
github.com/go-filesystems/unarchive/write.go:174.32,175.35 1 7
github.com/go-filesystems/unarchive/write.go:175.35,177.4 1 0
github.com/go-filesystems/unarchive/write.go:179.2,179.55 1 7
github.com/go-filesystems/unarchive/write.go:179.55,181.3 1 0
github.com/go-filesystems/unarchive/write.go:182.2,182.47 1 7
github.com/go-filesystems/unarchive/write.go:186.69,189.16 3 7
github.com/go-filesystems/unarchive/write.go:189.16,191.3 1 0
github.com/go-filesystems/unarchive/write.go:192.2,193.15 2 7
github.com/go-filesystems/unarchive/write.go:193.15,196.3 2 7
github.com/go-filesystems/unarchive/write.go:198.2,199.16 2 7
github.com/go-filesystems/unarchive/write.go:199.16,201.3 1 0
github.com/go-filesystems/unarchive/write.go:202.2,202.41 1 7
github.com/go-filesystems/unarchive/write.go:202.41,204.3 1 0
github.com/go-filesystems/unarchive/write.go:208.2,208.33 1 7
github.com/go-filesystems/unarchive/write.go:208.33,210.3 1 0
github.com/go-filesystems/unarchive/write.go:211.2,211.35 1 7
github.com/go-filesystems/unarchive/write.go:211.35,213.3 1 0
github.com/go-filesystems/unarchive/write.go:214.2,214.36 1 7
github.com/go-filesystems/unarchive/write.go:214.36,216.3 1 0
github.com/go-filesystems/unarchive/write.go:217.2,217.51 1 7
github.com/go-filesystems/unarchive/write.go:217.51,219.3 1 0
github.com/go-filesystems/unarchive/write.go:220.2,221.12 2 7
github.com/go-filesystems/unarchive/write.go:225.73,226.11 1 7
github.com/go-filesystems/unarchive/write.go:227.18,229.25 2 2
github.com/go-filesystems/unarchive/write.go:230.16,232.17 2 1
github.com/go-filesystems/unarchive/write.go:232.17,234.4 1 0
github.com/go-filesystems/unarchive/write.go:235.3,235.25 1 1
github.com/go-filesystems/unarchive/write.go:236.18,238.17 2 1
github.com/go-filesystems/unarchive/write.go:238.17,240.4 1 0
github.com/go-filesystems/unarchive/write.go:241.3,241.25 1 1
github.com/go-filesystems/unarchive/write.go:242.17,244.25 2 1
github.com/go-filesystems/unarchive/write.go:245.19,247.25 2 2
github.com/go-filesystems/unarchive/write.go:249.2,249.58 1 0
github.com/go-filesystems/unarchive/write.go:253.73,254.57 1 21
github.com/go-filesystems/unarchive/write.go:254.57,255.12 1 21
github.com/go-filesystems/unarchive/write.go:256.18,257.48 1 12
github.com/go-filesystems/unarchive/write.go:258.18,259.48 1 2
github.com/go-filesystems/unarchive/write.go:260.17,261.28 1 1
github.com/go-filesystems/unarchive/write.go:262.17,263.26 1 3
github.com/go-filesystems/unarchive/write.go:264.19,265.33 1 2
github.com/go-filesystems/unarchive/write.go:266.22,270.45 1 1
github.com/go-filesystems/unarchive/write.go:272.3,272.54 1 0
github.com/go-filesystems/unarchive/write.go:280.66,289.2 1 27
github.com/go-filesystems/unarchive/write.go:291.92,297.17 1 52
github.com/go-filesystems/unarchive/write.go:297.17,299.3 1 0
github.com/go-filesystems/unarchive/write.go:304.2,305.16 2 52
github.com/go-filesystems/unarchive/write.go:305.16,307.3 1 1
github.com/go-filesystems/unarchive/write.go:308.2,308.12 1 51
github.com/go-filesystems/unarchive/write.go:311.36,311.58 1 11
github.com/go-filesystems/unarchive/write.go:316.66,321.2 4 3
github.com/go-filesystems/unarchive/write.go:323.92,327.16 4 7
github.com/go-filesystems/unarchive/write.go:327.16,329.3 1 0
github.com/go-filesystems/unarchive/write.go:330.2,331.16 2 7
github.com/go-filesystems/unarchive/write.go:331.16,333.3 1 1
github.com/go-filesystems/unarchive/write.go:334.2,334.12 1 6
github.com/go-filesystems/unarchive/write.go:337.36,337.58 1 1
github.com/go-filesystems/unarchive/write.go:340.38,341.34 1 30
github.com/go-filesystems/unarchive/write.go:341.34,343.3 1 0
github.com/go-filesystems/unarchive/write.go:344.2,344.31 1 30
github.com/go-filesystems/unarchive/zipmethods.go:51.66,52.59 1 10
github.com/go-filesystems/unarchive/zipmethods.go:52.59,54.3 1 1
github.com/go-filesystems/unarchive/zipmethods.go:55.2,55.56 1 10
github.com/go-filesystems/unarchive/zipmethods.go:55.56,56.50 1 0
github.com/go-filesystems/unarchive/zipmethods.go:56.50,56.76 1 0
github.com/go-filesystems/unarchive/zipmethods.go:58.2,58.58 1 10
github.com/go-filesystems/unarchive/zipmethods.go:58.58,59.50 1 0
github.com/go-filesystems/unarchive/zipmethods.go:59.50,61.18 2 0
github.com/go-filesystems/unarchive/zipmethods.go:61.18,63.5 1 0
github.com/go-filesystems/unarchive/zipmethods.go:64.4,64.32 1 0
github.com/go-filesystems/unarchive/zipmethods.go:67.2,67.58 1 10
github.com/go-filesystems/unarchive/zipmethods.go:67.58,68.50 1 1
github.com/go-filesystems/unarchive/zipmethods.go:68.50,68.74 1 1
github.com/go-filesystems/unarchive/zipmethods.go:82.2,82.56 1 10
github.com/go-filesystems/unarchive/zipmethods.go:82.56,83.50 1 1
github.com/go-filesystems/unarchive/zipmethods.go:83.50,87.4 1 1
github.com/go-filesystems/unarchive/zipmethods.go:96.66,98.2 1 2
github.com/go-filesystems/unarchive/zipmethods.go:106.50,107.18 1 2
github.com/go-filesystems/unarchive/zipmethods.go:107.18,109.3 1 0
github.com/go-filesystems/unarchive/zipmethods.go:110.2,110.16 1 2
github.com/go-filesystems/unarchive/zipmethods.go:110.16,112.19 2 2
github.com/go-filesystems/unarchive/zipmethods.go:112.19,114.4 1 1
github.com/go-filesystems/unarchive/zipmethods.go:116.2,116.20 1 1
github.com/go-filesystems/unarchive/zipmethods.go:119.36,120.34 1 2
github.com/go-filesystems/unarchive/zipmethods.go:120.34,122.3 1 0
github.com/go-filesystems/unarchive/zipmethods.go:123.2,123.12 1 2
github.com/go-filesystems/unarchive/zipmethods.go:134.49,136.51 2 1
github.com/go-filesystems/unarchive/zipmethods.go:136.51,138.3 1 0
github.com/go-filesystems/unarchive/zipmethods.go:139.2,140.34 2 1
github.com/go-filesystems/unarchive/zipmethods.go:140.34,142.3 1 0
github.com/go-filesystems/unarchive/zipmethods.go:143.2,144.49 2 1
github.com/go-filesystems/unarchive/zipmethods.go:144.49,146.3 1 0
github.com/go-filesystems/unarchive/zipmethods.go:147.2,148.22 2 1
github.com/go-filesystems/unarchive/zipmethods.go:148.22,150.3 1 8
github.com/go-filesystems/unarchive/zipmethods.go:151.2,152.52 1 1
github.com/go-filesystems/unarchive/zipmethods.go:156.40,156.67 1 2
github.com/go-filesystems/unarchive/zipmethods.go:160.49,161.19 1 4
github.com/go-filesystems/unarchive/zipmethods.go:161.19,163.3 1 2
github.com/go-filesystems/unarchive/zipmethods.go:164.2,166.15 3 2
